{
  "bsonType": "object",
  "required": ["_id", "title", "status", "last_saved"],
  "properties": {
    "_id": {
      "bsonType": "objectId",
      "pattern": "^[0-9a-fA-F]{24}$"
    },
    "name": {
      "bsonType": "string",
      "pattern": "^[a-zA-Z0-9\\s.,!?-]{4,255}$"
    },
    "status": {
      "bsonType": "string",
      "enum": ["draft", "active", "archived"]
    }
  }
} 