{
  "title": "Organization",
  "description": "An organization in the system",
  "bsonType": "object",
  "properties": {
    "_id": {
      "description": "The unique identifier for the organization",
      "bsonType": "objectId"
    },
    "name": {
      "description": "The organization name",
      "bsonType": "string",
      "pattern": "^[a-zA-Z0-9\\s.,!?-]{4,255}$"
    },
    "status": {
      "description": "The current status of the organization",
      "bsonType": "string",
      "enum": ["active", "archived"]
    },
    "last_saved": {
      "title": "Breadcrumb",
      "description": "When the organization document was last updated",
      "bsonType": "object",
      "properties": {
        "from_ip": {
          "description": "Http Request remote IP address",
          "bsonType": "string",
          "pattern": "^[a-zA-Z0-9_-]{4,40}$"
        },
        "by_user": {
          "description": "ID Of User",
          "bsonType": "string",
          "pattern": "^[a-zA-Z0-9_-]{4,40}$"
        },
        "at_time": {
          "description": "The date-time when last updated",
          "bsonType": "date"
        },
        "correlation_id": {
          "description": "The logging correlation ID of the update transaction",
          "bsonType": "string",
          "pattern": "^[a-zA-Z0-9_-]{4,40}$"
        }
      },
      "additionalProperties": false,
      "required": ["from_ip", "by_user", "at_time", "correlation_id"]
    },
    "users": {
      "description": "Users associated with this organization",
      "bsonType": "array",
      "items": {
        "description": "A user identifier",
        "bsonType": "objectId"
      }
    },
    "website": {
      "description": "Organization website",
      "bsonType": "string",
      "pattern": "^https?://[\\w\\d\\-]+(\\.[\\w\\d\\-]+)+([\\w\\d\\-._~:/?#\\[\\]@!$&'()*+,;=]*)?$"
    },
    "home_address": {
      "title": "Street Address",
      "description": "Organization home address",
      "bsonType": "object",
      "properties": {
        "street": {
          "description": "Street address",
          "bsonType": "string",
          "pattern": "^[a-zA-Z0-9\\s.,!?-]{4,255}$"
        },
        "city": {
          "description": "City",
          "bsonType": "string",
          "pattern": "^[a-zA-Z0-9_-]{4,40}$"
        },
        "state": {
          "description": "State or province",
          "bsonType": "string",
          "pattern": "^[a-zA-Z0-9_-]{4,40}$"
        },
        "postal_code": {
          "description": "Postal code",
          "bsonType": "string",
          "pattern": "^[a-zA-Z0-9_-]{4,40}$"
        }
      },
      "additionalProperties": false,
      "required": ["postal_code"]
    }
  },
  "additionalProperties": false,
  "required": ["_id", "name", "status", "last_saved"]
}
