{
  "bsonType": "object",
  "required": ["_id", "user_name", "status", "last_saved"],
  "properties": {
    "_id": {
      "bsonType": "objectId",
      "pattern": "^[0-9a-fA-F]{24}$"
    },
    "user_name": {
      "bsonType": "string",
      "pattern": "^[a-zA-Z0-9_-]{4,40}$"
    },
    "first_name": {
      "bsonType": "string",
      "pattern": "^[a-zA-Z0-9_-]{4,40}$"
    },
    "last_name": {
      "bsonType": "string",
      "pattern": "^[a-zA-Z0-9_-]{4,40}$"
    },
    "status": {
      "bsonType": "string",
      "enum": ["draft", "active", "archived"]
    },
    "last_saved": {
      "bsonType": "object",
      "required": ["from_ip", "by_user", "at_time", "correlation_id"],
      "properties": {
        "from_ip": {
          "bsonType": "string",
          "pattern": "^[a-zA-Z0-9_-]{4,40}$"
        },
        "by_user": {
          "bsonType": "string",
          "pattern": "^[a-zA-Z0-9_-]{4,40}$"
        },
        "at_time": {
          "bsonType": "date"
        },
        "correlation_id": {
          "bsonType": "string",
          "pattern": "^[a-zA-Z0-9_-]{4,40}$"
        }
      }
    }
  }
} 