{
  "bsonType": "object",
  "required": ["_id", "user_name", "status", "last_saved"],
  "properties": {
    "_id": {
      "bsonType": "objectId",
      "pattern": "^[0-9a-fA-F]{24}$"
    },
    "user_name": {
      "bsonType": "string",
      "pattern": "^[a-zA-Z0-9_-]{4,40}$"
    },
    "full_name": {
      "bsonType": "string",
      "pattern": "^[a-zA-Z0-9\\s.,!?-]{4,255}$"
    },
    "status": {
      "bsonType": "string",
      "enum": ["draft", "active", "archived"]
    },
    "categories": {
      "bsonType": "object",
      "properties": {
        "name": {
          "bsonType": "string",
          "pattern": "^[a-zA-Z0-9_-]{4,40}$"
        },
        "category": {
          "bsonType": "string",
          "enum": ["admin", "user", "guest"]
        },
        "tags": {
          "bsonType": "array",
          "items": {
            "bsonType": "string",
            "enum": ["admin", "user", "guest", "on_hold", "cancelled"]
          }
        }
      }
    },
    "email": {
      "bsonType": "string",
      "pattern": "^[a-zA-Z0-9._%+-]+@[a-zA-Z0-9.-]+\\.[a-zA-Z]{2,}$"
    },
    "phone": {
      "bsonType": "string",
      "pattern": "^\\+?[1-9]\\d{1,14}$"
    },
    "last_saved": {
      "bsonType": "object",
      "required": ["from_ip", "by_user", "at_time", "correlation_id"],
      "properties": {
        "from_ip": {
          "bsonType": "string",
          "pattern": "^[a-zA-Z0-9_-]{4,40}$"
        },
        "by_user": {
          "bsonType": "string",
          "pattern": "^[a-zA-Z0-9_-]{4,40}$"
        },
        "at_time": {
          "bsonType": "date"
        },
        "correlation_id": {
          "bsonType": "string",
          "pattern": "^[a-zA-Z0-9_-]{4,40}$"
        }
      }
    }
  }
} 