[
  {
    "error": "directory_not_found",
    "path": "path/to/directory"
  },
  {
    "error": "parse_error",
    "file": "filename.yaml",
    "message": "error message"
  },
  {
    "error": "load_error",
    "file": "filename.yaml",
    "message": "error message"
  },
  {
    "error": "invalid_version",
    "file": "filename.yaml",
    "message": "error message"
  },
  {
    "error": "invalid_format",
    "file": "enumerators.json",
    "message": "must be a list of versioned enumerators"
  },
  {
    "error": "file_not_found",
    "path": "path/to/file"
  },
  {
    "error": "invalid_config_format",
    "file": "filename.yaml",
    "message": "Configuration must be a dictionary"
  },
  {
    "error": "missing_required_field",
    "file": "filename.yaml",
    "message": "Configuration must include 'name' field"
  },
  {
    "error": "missing_required_field",
    "file": "filename.yaml",
    "message": "Configuration must include 'versions' field"
  },
  {
    "error": "invalid_field",
    "file": "filename.yaml",
    "message": "Field 'field_name' is not allowed in collection configuration"
  },
  {
    "error": "invalid_field_type",
    "file": "filename.yaml",
    "message": "Field 'field_name' must be of type type_name"
  },
  {
    "error": "invalid_version_format",
    "file": "filename.yaml",
    "message": "Version must be a dictionary"
  },
  {
    "error": "missing_version_number",
    "file": "filename.yaml",
    "message": "Version must include 'version' field"
  },
  {
    "error": "invalid_version_format",
    "file": "filename.yaml",
    "message": "Version version_number: error message"
  },
  {
    "error": "invalid_field",
    "file": "filename.yaml",
    "message": "Field 'field_name' is not allowed in version configuration"
  },
  {
    "error": "invalid_field_type",
    "file": "filename.yaml",
    "message": "Field 'field_name' must be of type type_name"
  }
] 