type: object
required: ["_id", "user_name", "full_name", "status", "last_saved"]
properties:
  _id:
    type: string
    pattern: "^[0-9a-fA-F]{24}$"
  user_name:
    type: string
    pattern: "^[a-zA-Z0-9_-]{4,40}$"
  full_name:
    type: string
    pattern: "^[a-zA-Z0-9\\s.,!?-]{4,255}$"
  status:
    type: string
    enum: ["draft", "active", "archived"]
  categories:
    type: array
    items:
      type: object
      required: ["name", "category", "tags"]
      properties:
        name:
          type: string
          pattern: "^[a-zA-Z0-9_-]{4,40}$"
        category:
          type: string
          enum: ["work", "personal", "family", "other"]
        tags:
          type: array
          items:
            type: string
            enum: ["urgent", "normal", "low", "in_progress", "completed", "blocked"]
  email:
    type: string
    pattern: "^[a-zA-Z0-9._%+-]+@[a-zA-Z0-9.-]+\\.[a-zA-Z]{2,}$"
  phone:
    type: string
    pattern: "^\\+1[2-9][0-9]{9}$"
  last_saved:
    type: object
    required: ["from_ip", "by_user", "at_time", "correlation_id"]
    properties:
      from_ip:
        type: string
        pattern: "^[a-zA-Z0-9_-]{4,40}$"
      by_user:
        type: string
        pattern: "^[a-zA-Z0-9_-]{4,40}$"
      at_time:
        type: string
        format: date-time
      correlation_id:
        type: string
        pattern: "^[a-zA-Z0-9_-]{4,40}$" 