{
  "description": "A search index that is used to support a elastic search polymorphic query service",
  "bsonType": "object",
  "additionalProperties": false,
  "properties": {
    "collection_name": {
      "pattern": "^[^\\s]{4,40}$",
      "bsonType": "string",
      "description": "The name of the collection"
    },
    "collection_id": {
      "bsonType": "objectId",
      "description": "The unique identifier for this source document"
    },
    "media": {
      "description": "A media item in the system",
      "bsonType": "object",
      "additionalProperties": false,
      "properties": {
        "_id": {
          "bsonType": "objectId",
          "description": "The unique identifier for the media"
        },
        "title": {
          "pattern": "^[a-zA-Z0-9\\s.,!?-]{4,255}$",
          "bsonType": "string",
          "description": "The title of the media"
        },
        "type": {
          "description": "The type of media",
          "bsonType": "string",
          "enum": [
            "movie",
            "tv_show",
            "documentary",
            "short"
          ]
        },
        "status": {
          "description": "The current status of the media",
          "bsonType": "string",
          "enum": [
            "draft",
            "published",
            "archived"
          ]
        },
        "last_saved": {
          "description": "When the media was last updated",
          "bsonType": "object",
          "additionalProperties": false,
          "properties": {
            "from_ip": {
              "pattern": "^[^\\s]{4,40}$",
              "bsonType": "string",
              "description": "Http Request remote IP address"
            },
            "by_user": {
              "pattern": "^[^\\s]{4,40}$",
              "bsonType": "string",
              "description": "ID Of User"
            },
            "at_time": {
              "bsonType": "date",
              "description": "The date-time when last updated"
            },
            "correlation_id": {
              "pattern": "^[^\\s]{4,40}$",
              "bsonType": "string",
              "description": "The logging correlation ID of the update transaction"
            }
          },
          "title": "Breadcrumb",
          "required": [
            "from_ip",
            "by_user",
            "at_time",
            "correlation_id"
          ]
        },
        "tags": {
          "description": "Tags associated with the media",
          "bsonType": "array",
          "items": {
            "bsonType": "string",
            "enum": [
              "action",
              "comedy",
              "drama",
              "sci_fi",
              "documentary"
            ]
          }
        },
        "metadata": {
          "description": "Additional metadata about the media",
          "bsonType": "object",
          "additionalProperties": false,
          "properties": {
            "duration": {
              "bsonType": "int",
              "minimum": 1,
              "description": "Duration in minutes"
            },
            "format": {
              "description": "Media format",
              "bsonType": "string",
              "enum": [
                "dvd",
                "bluray",
                "digital",
                "streaming"
              ]
            },
            "quality": {
              "description": "Quality rating",
              "bsonType": "string",
              "enum": [
                "sd",
                "hd",
                "uhd"
              ]
            }
          }
        }
      },
      "title": "Media",
      "required": [
        "_id",
        "title",
        "status",
        "last_saved"
      ]
    },
    "organization": {
      "description": "An organization in the system",
      "bsonType": "object",
      "additionalProperties": false,
      "properties": {
        "_id": {
          "bsonType": "objectId",
          "description": "The unique identifier for the organization"
        },
        "name": {
          "pattern": "^[a-zA-Z0-9\\s.,!?-]{4,255}$",
          "bsonType": "string",
          "description": "The organization name"
        },
        "status": {
          "description": "The current status of the organization",
          "bsonType": "string",
          "enum": [
            "draft",
            "active",
            "archived"
          ]
        },
        "last_saved": {
          "description": "When the organization document was last updated",
          "bsonType": "object",
          "additionalProperties": false,
          "properties": {
            "from_ip": {
              "pattern": "^[^\\s]{4,40}$",
              "bsonType": "string",
              "description": "Http Request remote IP address"
            },
            "by_user": {
              "pattern": "^[^\\s]{4,40}$",
              "bsonType": "string",
              "description": "ID Of User"
            },
            "at_time": {
              "bsonType": "date",
              "description": "The date-time when last updated"
            },
            "correlation_id": {
              "pattern": "^[^\\s]{4,40}$",
              "bsonType": "string",
              "description": "The logging correlation ID of the update transaction"
            }
          },
          "title": "Breadcrumb",
          "required": [
            "from_ip",
            "by_user",
            "at_time",
            "correlation_id"
          ]
        },
        "users": {
          "description": "Users associated with this organization",
          "bsonType": "array",
          "items": {
            "bsonType": "objectId",
            "description": "A user identifier"
          }
        },
        "website": {
          "pattern": "^https?://[\\w\\d\\-]+(\\.[\\w\\d\\-]+)+([\\w\\d\\-._~:/?#\\[\\]@!$&'()*+,;=]*)?$",
          "bsonType": "string",
          "description": "Organization website"
        },
        "home_address": {
          "description": "Organization home address",
          "bsonType": "object",
          "additionalProperties": false,
          "properties": {
            "street": {
              "pattern": "^[a-zA-Z0-9\\s.,!?-]{4,255}$",
              "bsonType": "string",
              "description": "Street address"
            },
            "city": {
              "pattern": "^[^\\s]{4,40}$",
              "bsonType": "string",
              "description": "City"
            },
            "state": {
              "pattern": "^[A-Z]{2}$",
              "bsonType": "string",
              "description": "State or province"
            },
            "postal_code": {
              "pattern": "^[^\\s]{4,40}$",
              "bsonType": "string",
              "description": "Postal code"
            }
          },
          "title": "Street Address",
          "required": ["postal_code"]
        }
      },
      "title": "Organization",
      "required": [
        "_id",
        "name",
        "status",
        "last_saved"
      ]
    },
    "user": {
      "description": "A user collection for testing the schema system",
      "bsonType": "object",
      "additionalProperties": false,
      "properties": {
        "_id": {
          "bsonType": "objectId",
          "description": "The unique identifier for a user"
        },
        "user_name": {
          "pattern": "^[^\\s]{4,40}$",
          "bsonType": "string",
          "description": "Username"
        },
        "full_name": {
          "pattern": "^[a-zA-Z0-9\\s.,!?-]{4,255}$",
          "bsonType": "string",
          "description": "Users Full Name"
        },
        "status": {
          "description": "The status",
          "bsonType": "string",
          "enum": [
            "draft",
            "active",
            "archived"
          ]
        },
        "categories": {
          "description": "A users list of categorized tags",
          "bsonType": "array",
          "items": {
            "description": "A user category",
            "bsonType": "object",
            "additionalProperties": false,
            "properties": {
              "name": {
                "pattern": "^[^\\s]{4,40}$",
                "bsonType": "string",
                "description": "Category Name assigned by the user"
              },
              "category": {
                "description": "The category type assigned by the user",
                "bsonType": "string",
                "enum": [
                  "work",
                  "personal",
                  "project",
                  "reference"
                ]
              },
              "tags": {
                "description": "A list of enumerated values assigned by the user",
                "bsonType": "array",
                "items": {
                  "bsonType": "string",
                  "enum": [
                    "urgent",
                    "important",
                    "normal",
                    "low",
                    "completed",
                    "in_progress",
                    "blocked",
                    "review"
                  ]
                }
              }
            },
            "required": [
              "name",
              "category",
              "tags"
            ]
          }
        },
        "email": {
          "pattern": "^[a-zA-Z0-9._%+-]+@[a-zA-Z0-9.-]+\\.[a-zA-Z]{2,}$",
          "bsonType": "string",
          "description": "The person's email address"
        },
        "phone": {
          "pattern": "^\\+1[2-9][0-9]{9}$",
          "bsonType": "string",
          "description": "The person's phone number"
        },
        "last_saved": {
          "description": "The last time this document was saved",
          "bsonType": "object",
          "additionalProperties": false,
          "properties": {
            "from_ip": {
              "pattern": "^[^\\s]{4,40}$",
              "bsonType": "string",
              "description": "Http Request remote IP address"
            },
            "by_user": {
              "pattern": "^[^\\s]{4,40}$",
              "bsonType": "string",
              "description": "ID Of User"
            },
            "at_time": {
              "bsonType": "date",
              "description": "The date-time when last updated"
            },
            "correlation_id": {
              "pattern": "^[^\\s]{4,40}$",
              "bsonType": "string",
              "description": "The logging correlation ID of the update transaction"
            }
          },
          "title": "Breadcrumb",
          "required": [
            "from_ip",
            "by_user",
            "at_time",
            "correlation_id"
          ]
        }
      },
      "title": "User Collection",
      "required": [
        "_id",
        "user_name",
        "status",
        "last_saved"
      ]
    }
  },
  "title": "search",
  "required": [
    "collection_name",
    "collection_id"
  ]
}
