type: object
title: Search Collection
description: Collection for managing search operations
required:
  - collection_name
  - collection_id
properties:
  collection_name:
    type: string
    description: The name of the collection
    pattern: "^[a-zA-Z0-9_-]{4,40}$"
    enum:
      - media
      - organization
      - user
  collection_id:
    type: string
    description: The unique identifier for a collection
    pattern: "^[0-9a-fA-F]{24}$"
  media:
    type: object
    description: Media collection
    required:
      - _id
      - title
      - type
      - status
      - last_saved
    properties:
      _id:
        type: string
        description: The unique identifier for a media
        pattern: "^[0-9a-fA-F]{24}$"
      title:
        type: string
        description: The title of the media
        pattern: "^[a-zA-Z0-9\\s.,!?-]{4,255}$"
      type:
        type: string
        description: The type of media
        enum:
          - movie
          - tv_show
          - documentary
          - short
      status:
        type: string
        description: The status
        enum:
          - draft
          - published
          - archived
      last_saved:
        type: object
        description: The last time this document was saved
        required:
          - from_ip
          - by_user
          - at_time
          - correlation_id
        properties:
          from_ip:
            type: string
            pattern: "^[a-zA-Z0-9_-]{4,40}$"
          by_user:
            type: string
            pattern: "^[a-zA-Z0-9_-]{4,40}$"
          at_time:
            type: string
            format: date-time
          correlation_id:
            type: string
            pattern: "^[a-zA-Z0-9_-]{4,40}$"
      tags:
        type: array
        description: A list of enumerated values assigned by the user
        items:
          type: string
          enum:
            - action
            - comedy
            - drama
            - sci_fi
            - documentary
      metadata:
        type: object
        description: The metadata for the media
        properties:
          duration:
            type: number
            description: The duration of the media in seconds
          format:
            type: string
            description: The format of the media
            enum:
              - dvd
              - bluray
              - digital
              - streaming
          quality:
            type: string
            description: The quality of the media
            enum:
              - sd
              - hd
              - uhd
  organization:
    type: object
    description: Organization collection
    required:
      - _id
      - name
      - status
      - last_saved
    properties:
      _id:
        type: string
        description: The unique identifier for an organization
        pattern: "^[0-9a-fA-F]{24}$"
      name:
        type: string
        description: The name of the organization
        pattern: "^[a-zA-Z0-9\\s.,!?-]{4,255}$"
      status:
        type: string
        description: The status
        enum:
          - draft
          - active
          - archived
      last_saved:
        type: object
        description: The last time this document was saved
        required:
          - from_ip
          - by_user
          - at_time
          - correlation_id
        properties:
          from_ip:
            type: string
            pattern: "^[a-zA-Z0-9_-]{4,40}$"
          by_user:
            type: string
            pattern: "^[a-zA-Z0-9_-]{4,40}$"
          at_time:
            type: string
            format: date-time
          correlation_id:
            type: string
            pattern: "^[a-zA-Z0-9_-]{4,40}$"
      users:
        type: array
        description: A list of enumerated values assigned by the user
        items:
          type: string
          pattern: "^[0-9a-fA-F]{24}$"
      website:
        type: string
        description: The website of the organization
        pattern: "^https?://[a-zA-Z0-9.-]+\\.[a-zA-Z]{2,}(/\\S*)?$"
      home_address:
        type: object
        description: Organization home address
        required:
          - postal_code
        properties:
          street:
            type: string
            description: The street address
            pattern: "^[a-zA-Z0-9\\s.,!?-]{4,255}$"
          city:
            type: string
            description: The city
            pattern: "^[a-zA-Z0-9\\s.,!?-]{4,255}$"
          state:
            type: string
            description: The state
            pattern: "^[a-zA-Z0-9\\s.,!?-]{4,255}$"
          postal_code:
            type: string
            description: The postal code
            pattern: "^[a-zA-Z0-9\\s.,!?-]{4,255}$"
  user:
    type: object
    description: User collection
    required:
      - _id
      - user_name
      - status
      - last_saved
    properties:
      _id:
        type: string
        description: The unique identifier for a user
        pattern: "^[0-9a-fA-F]{24}$"
      user_name:
        type: string
        description: Username
        pattern: "^[a-zA-Z0-9_-]{4,40}$"
      first_name:
        type: string
        description: First Name
        pattern: "^[a-zA-Z0-9_-]{4,40}$"
      last_name:
        type: string
        description: Last Name
        pattern: "^[a-zA-Z0-9_-]{4,40}$"
      status:
        type: string
        description: The status
        enum:
          - draft
          - active
          - archived
      last_saved:
        type: object
        description: The last time this document was saved
        required:
          - from_ip
          - by_user
          - at_time
          - correlation_id
        properties:
          from_ip:
            type: string
            pattern: "^[a-zA-Z0-9_-]{4,40}$"
          by_user:
            type: string
            pattern: "^[a-zA-Z0-9_-]{4,40}$"
          at_time:
            type: string
            format: date-time
          correlation_id:
            type: string
            pattern: "^[a-zA-Z0-9_-]{4,40}$" 