description: A record of a specific design thinking workshop.
type: object
additionalProperties: false
properties:
  _id:
    type: string
    pattern: ^[0-9a-fA-F]{24}$
    description: The unique identifier for a Workshop
  status:
    description: Workshop Status/State
    type: string
    enum:
      - pending
      - active
      - complete
      - archived
  channel_id:
    type: string
    pattern: ^\S{1,40}$
    description: The discord identifier for the channel this workshop is hosted on
  channel_name:
    type: string
    pattern: ^\S{1,40}$
    description: Workshop Name
  category:
    type: string
    pattern: ^[^\t\n\r]{1,255}$
    description: Discord Channel Category where this workshop channel is
  guild:
    type: string
    pattern: ^[^\t\n\r]{1,255}$
    description: Discord Server where this workshop takes place
  purpose:
    type: string
    pattern: '[\s\S]{1,4096}'
    description: Workshop Purpose
  when:
    description: From-To Date/Time for the Workshop Event
    type: object
    additionalProperties: false
    properties:
      from:
        type: string
        format: date-time
        description: Starting Date-Time
      to:
        type: string
        format: date-time
        description: Ending Date-Time
    title: Appointment
    required:
      - from
      - to
  current_exercise:
    type: number
    minimum: 0
    multipleOf: 1
    description: Index of the current exercise for Active workshops
  exercises:
    description: List of workshop_exercise documents
    type: array
    items:
      description: A Workshop Exercise and observations
      type: object
      additionalProperties: false
      properties:
        exercise_id:
          type: string
          pattern: ^[0-9a-fA-F]{24}$
          description: The Exercise Instructions this is using
        status:
          description: The exercise status or state (Observe/Reflect/Make)
          type: string
          enum:
            - pending
            - observe
            - reflect
            - make
            - complete
        conversation_id:
          type: string
          pattern: ^[0-9a-fA-F]{24}$
          description: The _id of the conversation for this exercise
        observations:
          description: Observations of the exercise
          type: array
          items:
            description: A workshop observation
            type: object
            additionalProperties: false
            properties:
              exercise:
                type: string
                pattern: ^\S{1,40}$
                description: The exercise name
              stakeholders:
                description: Stakeholders Exercise
                type: object
                additionalProperties: false
                properties:
                  observations:
                    description: Stakeholder Observations
                    type: array
                    items:
                      description: A stakeholder of a Stakeholder exercise
                      type: object
                      additionalProperties: false
                      properties:
                        users:
                          description: Users of the stakeholder
                          type: array
                          items:
                            type: string
                            pattern: ^\S{1,40}$
                            description: User Name
                        text:
                          type: string
                          pattern: ^[^\t\n\r]{1,255}$
                          description: Text of the stakeholder
                        name:
                          type: string
                          pattern: ^\S{1,40}$
                          description: Name of the stakeholder
                        title:
                          type: string
                          pattern: ^\S{1,40}$
                          description: Title of the stakeholder
                        roles:
                          description: Roles of the stakeholder
                          type: array
                          items:
                            type: string
                            pattern: ^\S{1,40}$
                            description: Role Name
                      title: Observation Stakeholder
                      required:
                        - users
              empathy:
                description: Empathy Mapping exercise
                type: object
                additionalProperties: false
                properties:
                  persona:
                    description: Persona information
                    type: object
                    additionalProperties: false
                    properties:
                      name:
                        type: string
                        pattern: ^\S{1,40}$
                        description: Name of the persona
                      description:
                        type: string
                        pattern: ^[^\t\n\r]{1,255}$
                        description: Description of the persona
                      observations:
                        description: Empathy Observations
                        type: array
                        items:
                          description: A empathy of a Empathy Mapping exercise
                          type: object
                          additionalProperties: false
                          properties:
                            users:
                              description: Users who made the observation
                              type: array
                              items:
                                type: string
                                pattern: ^\S{1,40}$
                                description: User Name
                            says:
                              type: string
                              pattern: ^[^\t\n\r]{1,255}$
                              description: Things the user says
                            does:
                              type: string
                              pattern: ^[^\t\n\r]{1,255}$
                              description: Things the user does
                            thinks:
                              type: string
                              pattern: ^[^\t\n\r]{1,255}$
                              description: Things the user thinks
                            feels:
                              type: string
                              pattern: ^[^\t\n\r]{1,255}$
                              description: Things the user feels
                          title: Empathy Observation
                          required:
                            - users
              hills:
                description: Hills of the exercise
                type: object
                additionalProperties: false
                properties:
                  observations:
                    description: Hills Observations
                    type: array
                    items:
                      description: A hill of a Hills exercise
                      type: object
                      additionalProperties: false
                      properties:
                        name:
                          type: string
                          pattern: ^\S{1,40}$
                          description: Unique Name of the hill
                        users:
                          description: Users who made the observation
                          type: array
                          items:
                            type: string
                            pattern: ^\S{1,40}$
                            description: User Name
                        who:
                          type: string
                          pattern: ^[^\t\n\r]{1,255}$
                          description: Persona Who is the hill about
                        what:
                          type: string
                          pattern: ^[^\t\n\r]{1,255}$
                          description: What the user does
                        wow:
                          type: string
                          pattern: ^[^\t\n\r]{1,255}$
                          description: The Wow that happens when Who does What
                      title: Hills Exercise Observation
                      required:
                        - users
              priority:
                description: Priority of the exercise
                type: object
                additionalProperties: false
                properties:
                  observations:
                    description: Priority Observations
                    type: array
                    items:
                      description: A priority of a Priority exercise
                      type: object
                      additionalProperties: false
                      properties:
                        user:
                          type: string
                          pattern: ^\S{1,40}$
                          description: User who made the priority observation
                        feasibility:
                          description: Hills in order of feasibility (low to high)
                          type: array
                          items:
                            type: string
                            pattern: ^\S{1,40}$
                            description: Hill Name
                        impact:
                          description: Hills in order of impact (low to high)
                          type: array
                          items:
                            type: string
                            pattern: ^\S{1,40}$
                            description: Hill Name
                      title: Priority Exercise Observation
                      required:
                        - user
                  outcome:
                    description: The outcome of a Priority exercise
                    type: object
                    additionalProperties: false
                    properties:
                      no_brainers:
                        description: Hills that are high impact, and high feasibility
                        type: array
                        items:
                          type: string
                          pattern: ^\S{1,40}$
                          description: Hill Name
                      big_bets:
                        description: Hills that are high impact, but low feasibility
                        type: array
                        items:
                          type: string
                          pattern: ^\S{1,40}$
                          description: Hill Name
                      utilities:
                        description: Hills that are low impact, but high feasibility
                        type: array
                        items:
                          type: string
                          pattern: ^\S{1,40}$
                          description: Hill Name
                      unwise:
                        description: Hills that are low impact, and low feasibility
                        type: array
                        items:
                          type: string
                          pattern: ^\S{1,40}$
                          description: Hill Name
                    title: Ranking Outcome
              retrospective:
                description: Retrospective of the exercise
                type: object
                additionalProperties: false
                properties:
                  observations:
                    description: Retrospective Observations
                    type: array
                    items:
                      description: A observation for a Retrospective exercise
                      type: object
                      additionalProperties: false
                      properties:
                        users:
                          description: Users who made the observation
                          type: array
                          items:
                            type: string
                            pattern: ^\S{1,40}$
                            description: User Name
                        question:
                          type: string
                          pattern: ^[^\t\n\r]{1,255}$
                          description: Question that remains
                        worked_well:
                          type: string
                          pattern: ^[^\t\n\r]{1,255}$
                          description: Something that worked well
                        could_be_improved:
                          type: string
                          pattern: ^[^\t\n\r]{1,255}$
                          description: Something that could be improved
                        ideas_to_try:
                          type: string
                          pattern: ^[^\t\n\r]{1,255}$
                          description: Something to try differently next time
                      title: Retrospective Observation
                      required:
                        - users
            title: Observation
            required:
              - exercise
      required:
        - exercise_id
        - status
        - conversation_id
        - observations
  last_saved:
    description: Last Saved breadcrumb
    type: object
    additionalProperties: false
    properties:
      from_ip:
        type: string
        pattern: ^\d{1,3}\.\d{1,3}\.\d{1,3}\.\d{1,3}$
        description: Http Request remote IP address
      by_user:
        type: string
        pattern: ^\S{1,40}$
        description: ID Of User
      at_time:
        type: string
        format: date-time
        description: The date-time when last updated
      correlation_id:
        type: string
        pattern: ^\S{1,40}$
        description: The logging correlation ID of the update transaction
    title: Breadcrumb
    required:
      - from_ip
      - by_user
      - at_time
      - correlation_id
title: Workshop
required:
  - _id
  - status
  - exercises
  - last_saved 